<testsuites id="" name="" tests="1" failures="1" skipped="0" errors="0" time="26.011464">
<testsuite name="fullflow.spec.ts" timestamp="2025-12-02T19:45:29.277Z" hostname="chromium" tests="1" failures="1" skipped="0" time="24.251" errors="0">
<testcase name="Full User Flow Regression Test › Complete flow: Clinic → Consent → Cough → Speech → Breath → Confirmation" classname="fullflow.spec.ts" time="24.251">
<failure message="fullflow.spec.ts:5:7 Complete flow: Clinic → Consent → Cough → Speech → Breath → Confirmation" type="FAILURE">
<![CDATA[  [chromium] › fullflow.spec.ts:5:7 › Full User Flow Regression Test › Complete flow: Clinic → Consent → Cough → Speech → Breath → Confirmation 

    TimeoutError: page.waitForURL: Timeout 20000ms exceeded.
    =========================== logs ===========================
    waiting for navigation until "load"
    ============================================================

      162 |     await expect(submitCough.first()).toBeEnabled({ timeout: 5000 });
      163 |     await Promise.all([
    > 164 |       page.waitForURL(/\/record-speech/, { timeout: 20000 }),
          |            ^
      165 |       submitCough.first().click()
      166 |     ]);
      167 |     await page.waitForLoadState('networkidle');
        at /Users/hexer/Documents/Virufy/dh-app-production/tests/e2e/fullflow.spec.ts:164:12

    attachment #1: screenshot (image/png) ──────────────────────────────────────────────────────────
    ../../test-results/artifacts/fullflow-Full-User-Flow-Re-7e765-ech-→-Breath-→-Confirmation-chromium/test-failed-1.png
    ────────────────────────────────────────────────────────────────────────────────────────────────

    attachment #2: video (video/webm) ──────────────────────────────────────────────────────────────
    ../../test-results/artifacts/fullflow-Full-User-Flow-Re-7e765-ech-→-Breath-→-Confirmation-chromium/video.webm
    ────────────────────────────────────────────────────────────────────────────────────────────────

    Error Context: ../../test-results/artifacts/fullflow-Full-User-Flow-Re-7e765-ech-→-Breath-→-Confirmation-chromium/error-context.md
]]>
</failure>
<system-out>
<![CDATA[
[[ATTACHMENT|artifacts/fullflow-Full-User-Flow-Re-7e765-ech-→-Breath-→-Confirmation-chromium/test-failed-1.png]]

[[ATTACHMENT|artifacts/fullflow-Full-User-Flow-Re-7e765-ech-→-Breath-→-Confirmation-chromium/video.webm]]

[[ATTACHMENT|artifacts/fullflow-Full-User-Flow-Re-7e765-ech-→-Breath-→-Confirmation-chromium/error-context.md]]
]]>
</system-out>
</testcase>
</testsuite>
</testsuites>